read_audio_data: reading audio data from 'reader/assets/survival-game/audio.mp3' ...
read_audio_data: trying to decode with miniaudio

[00:00:00.000 --> 00:00:02.270]  
[00:00:02.270 --> 00:00:03.160]   [
[00:00:03.160 --> 00:00:18.830]   Music
[00:00:18.830 --> 00:00:22.000]   ]
[00:00:22.000 --> 00:00:22.500]   >>
[00:00:22.500 --> 00:00:23.570]   Beijing
[00:00:23.570 --> 00:00:24.270]   Foreign
[00:00:24.270 --> 00:00:24.480]   Languages
[00:00:24.480 --> 00:00:24.840]   Audio
[00:00:24.840 --> 00:00:25.260]   Visual
[00:00:25.260 --> 00:00:26.000]   Publishing
[00:00:26.000 --> 00:00:27.000]   House.
[00:00:27.000 --> 00:00:27.000]  
[00:00:27.000 --> 00:00:27.500]   >>
[00:00:27.500 --> 00:00:28.570]   Beijing
[00:00:28.570 --> 00:00:29.270]   Foreign
[00:00:29.270 --> 00:00:29.760]   Studies
[00:00:29.760 --> 00:00:31.000]   University.
[00:00:31.000 --> 00:00:33.280]   [
[00:00:33.280 --> 00:00:42.120]   Music
[00:00:42.120 --> 00:00:44.000]   ]
[00:00:44.000 --> 00:00:44.500]   >>
[00:00:44.500 --> 00:00:45.380]   Oxford
[00:00:45.380 --> 00:00:46.270]   Bookworms
[00:00:46.270 --> 00:00:47.000]   Starter,
[00:00:47.000 --> 00:00:48.120]   published
[00:00:48.120 --> 00:00:48.370]   by
[00:00:48.370 --> 00:00:49.000]   FLTRP.
[00:00:49.000 --> 00:00:50.570]   Copyright
[00:00:50.570 --> 00:00:51.270]   Oxford
[00:00:51.270 --> 00:00:51.970]   University
[00:00:51.970 --> 00:00:52.560]   Press
[00:00:52.560 --> 00:00:54.000]   2011.
[00:00:54.000 --> 00:00:54.000]  
[00:00:54.000 --> 00:00:56.270]   [
[00:00:56.270 --> 00:00:57.010]   Speaking
[00:00:57.010 --> 00:00:59.640]   foreign
[00:00:59.640 --> 00:01:02.610]   language
[00:01:02.610 --> 00:01:03.000]   ]
[00:01:03.000 --> 00:01:03.500]   >>
[00:01:03.500 --> 00:01:03.870]   Survive
[00:01:03.870 --> 00:01:03.870]   by
[00:01:03.870 --> 00:01:04.570]   Helen
[00:01:04.570 --> 00:01:05.000]   Brooke.
[00:01:05.000 --> 00:01:07.280]   [
[00:01:07.280 --> 00:01:15.270]   Music
[00:01:15.270 --> 00:01:17.000]   ]
[00:01:17.000 --> 00:01:17.500]   >>
[00:01:17.500 --> 00:01:18.570]   One,
[00:01:18.570 --> 00:01:19.270]   your
[00:01:19.270 --> 00:01:19.700]   name
[00:01:19.700 --> 00:01:20.060]   is
[00:01:20.060 --> 00:01:21.000]   Chris
[00:01:21.000 --> 00:01:21.170]   and
[00:01:21.170 --> 00:01:21.340]   you
[00:01:21.340 --> 00:01:21.510]   are
[00:01:21.510 --> 00:01:21.620]   in
[00:01:21.620 --> 00:01:21.670]   a
[00:01:21.670 --> 00:01:22.000]   small
[00:01:22.000 --> 00:01:23.000]   plane
[00:01:23.000 --> 00:01:23.000]  
[00:01:23.000 --> 00:01:23.500]   going
[00:01:23.500 --> 00:01:23.890]   across
[00:01:23.890 --> 00:01:23.890]   the
[00:01:23.890 --> 00:01:24.570]   Rocky
[00:01:24.570 --> 00:01:25.000]   Mountains.
[00:01:25.000 --> 00:01:25.900]   Suddenly,
[00:01:25.900 --> 00:01:26.570]   the
[00:01:26.570 --> 00:01:27.250]   engine
[00:01:27.250 --> 00:01:27.270]   starts
[00:01:27.270 --> 00:01:27.430]   to
[00:01:27.430 --> 00:01:27.790]   make
[00:01:27.790 --> 00:01:28.420]   strange
[00:01:28.420 --> 00:01:29.000]   noises
[00:01:29.000 --> 00:01:29.500]   and
[00:01:29.500 --> 00:01:30.100]   the
[00:01:30.100 --> 00:01:30.570]   plane
[00:01:30.570 --> 00:01:30.910]   begins
[00:01:30.910 --> 00:01:30.910]   to
[00:01:30.910 --> 00:01:31.270]   go
[00:01:31.270 --> 00:01:31.510]   down
[00:01:31.510 --> 00:01:31.910]   into
[00:01:31.910 --> 00:01:32.210]   one
[00:01:32.210 --> 00:01:32.410]   of
[00:01:32.410 --> 00:01:32.710]   the
[00:01:32.710 --> 00:01:34.000]   mountains.
[00:01:34.000 --> 00:01:34.500]   Your
[00:01:34.500 --> 00:01:34.560]   radio
[00:01:34.560 --> 00:01:35.570]   does
[00:01:35.570 --> 00:01:35.590]   not
[00:01:35.590 --> 00:01:36.270]   work
[00:01:36.270 --> 00:01:36.320]   and
[00:01:36.320 --> 00:01:36.960]   nobody
[00:01:36.960 --> 00:01:37.490]   knows
[00:01:37.490 --> 00:01:38.020]   where
[00:01:38.020 --> 00:01:38.340]   you
[00:01:38.340 --> 00:01:39.000]   are.
[00:01:39.000 --> 00:01:39.500]   >>
[00:01:39.500 --> 00:01:39.560]   Go
[00:01:39.560 --> 00:01:41.270]   to
[00:01:41.270 --> 00:01:42.000]   20.
[00:01:42.000 --> 00:01:42.500]   >>
[00:01:42.500 --> 00:01:42.560]   Two,
[00:01:42.560 --> 00:01:43.570]   you
[00:01:43.570 --> 00:01:43.570]   walk
[00:01:43.570 --> 00:01:44.270]   for
[00:01:44.270 --> 00:01:44.480]   about
[00:01:44.480 --> 00:01:45.160]   20
[00:01:45.160 --> 00:01:46.000]   minutes,
[00:01:46.000 --> 00:01:46.840]   wearing
[00:01:46.840 --> 00:01:46.840]   the
[00:01:46.840 --> 00:01:47.420]   coat
[00:01:47.420 --> 00:01:47.570]   and
[00:01:47.570 --> 00:01:48.270]   carrying
[00:01:48.270 --> 00:01:48.360]   the
[00:01:48.360 --> 00:01:48.950]   whiskey
[00:01:48.950 --> 00:01:49.200]   and
[00:01:49.200 --> 00:01:49.450]   the
[00:01:49.450 --> 00:01:50.000]   map.
[00:01:50.000 --> 00:01:50.000]  
[00:01:50.000 --> 00:01:50.500]   The
[00:01:50.500 --> 00:01:50.560]   snow
[00:01:50.560 --> 00:01:51.560]   is
[00:01:51.560 --> 00:01:51.570]   deep
[00:01:51.570 --> 00:01:52.270]   and
[00:01:52.270 --> 00:01:52.280]   you
[00:01:52.280 --> 00:01:52.640]   are
[00:01:52.640 --> 00:01:53.120]   very
[00:01:53.120 --> 00:01:54.000]   cold.
[00:01:54.000 --> 00:01:54.470]   >>
[00:01:54.470 --> 00:01:54.500]   You
[00:01:54.500 --> 00:01:55.040]   go
[00:01:55.040 --> 00:01:55.040]   back
[00:01:55.040 --> 00:01:55.510]   to
[00:01:55.510 --> 00:01:55.570]   the
[00:01:55.570 --> 00:01:56.270]   plane
[00:01:56.270 --> 00:01:56.320]   and
[00:01:56.320 --> 00:01:56.640]   get
[00:01:56.640 --> 00:01:57.060]   some
[00:01:57.060 --> 00:01:58.020]   different
[00:01:58.020 --> 00:01:59.000]   things.
[00:01:59.000 --> 00:01:59.500]   Go
[00:01:59.500 --> 00:02:01.270]   to
[00:02:01.270 --> 00:02:02.000]   29.
[00:02:02.000 --> 00:02:02.500]   You
[00:02:02.500 --> 00:02:02.560]   want
[00:02:02.560 --> 00:02:03.490]   to
[00:02:03.490 --> 00:02:03.570]   get
[00:02:03.570 --> 00:02:04.270]   warm
[00:02:04.270 --> 00:02:04.360]   and
[00:02:04.360 --> 00:02:04.730]   you
[00:02:04.730 --> 00:02:05.350]   drink
[00:02:05.350 --> 00:02:05.720]   the
[00:02:05.720 --> 00:02:07.000]   whiskey.
[00:02:07.000 --> 00:02:08.220]   Go
[00:02:08.220 --> 00:02:09.270]   to
[00:02:09.270 --> 00:02:11.000]   34.
[00:02:11.000 --> 00:02:11.500]   >>
[00:02:11.500 --> 00:02:13.000]   Three.
[00:02:13.000 --> 00:02:13.470]   >>
[00:02:13.470 --> 00:02:13.500]   You
[00:02:13.500 --> 00:02:14.040]   go
[00:02:14.040 --> 00:02:14.040]   back
[00:02:14.040 --> 00:02:14.570]   to
[00:02:14.570 --> 00:02:15.000]   sleep.
[00:02:15.000 --> 00:02:15.500]   You
[00:02:15.500 --> 00:02:15.560]   don't
[00:02:15.560 --> 00:02:16.350]   hear
[00:02:16.350 --> 00:02:17.250]   the
[00:02:17.250 --> 00:02:17.270]   helicopter
[00:02:17.270 --> 00:02:18.000]   again.
[00:02:18.000 --> 00:02:18.000]  
[00:02:18.000 --> 00:02:18.500]   The
[00:02:18.500 --> 00:02:19.010]   next
[00:02:19.010 --> 00:02:19.510]   day,
[00:02:19.510 --> 00:02:19.570]   you
[00:02:19.570 --> 00:02:20.270]   walk
[00:02:20.270 --> 00:02:20.330]   down
[00:02:20.330 --> 00:02:20.630]   the
[00:02:20.630 --> 00:02:21.140]   river
[00:02:21.140 --> 00:02:22.000]   again.
[00:02:22.000 --> 00:02:23.320]   >>
[00:02:23.320 --> 00:02:23.570]   Go
[00:02:23.570 --> 00:02:24.270]   to
[00:02:24.270 --> 00:02:27.000]   21.
[00:02:27.000 --> 00:02:27.500]   >>
[00:02:27.500 --> 00:02:28.000]   Four.
[00:02:28.000 --> 00:02:28.500]   You
[00:02:28.500 --> 00:02:29.320]   walk
[00:02:29.320 --> 00:02:29.570]   back
[00:02:29.570 --> 00:02:29.680]   out
[00:02:29.680 --> 00:02:30.270]   of
[00:02:30.270 --> 00:02:30.280]   the
[00:02:30.280 --> 00:02:31.010]   tunnel
[00:02:31.010 --> 00:02:31.370]   and
[00:02:31.370 --> 00:02:31.850]   into
[00:02:31.850 --> 00:02:32.210]   the
[00:02:32.210 --> 00:02:32.820]   Rocky
[00:02:32.820 --> 00:02:34.000]   Valley.
[00:02:34.000 --> 00:02:34.500]   >>
[00:02:34.500 --> 00:02:34.560]   Go
[00:02:34.560 --> 00:02:36.270]   to
[00:02:36.270 --> 00:02:37.000]   16.
[00:02:37.000 --> 00:02:37.500]   >>
[00:02:37.500 --> 00:02:38.000]   Five.
[00:02:38.000 --> 00:02:38.500]   You
[00:02:38.500 --> 00:02:39.050]   eat
[00:02:39.050 --> 00:02:39.570]   the
[00:02:39.570 --> 00:02:40.000]   fruit.
[00:02:40.000 --> 00:02:40.500]   It
[00:02:40.500 --> 00:02:40.810]   isn't
[00:02:40.810 --> 00:02:41.570]   very
[00:02:41.570 --> 00:02:42.000]   good,
[00:02:42.000 --> 00:02:42.270]   but
[00:02:42.270 --> 00:02:42.450]   you're
[00:02:42.450 --> 00:02:42.660]   very
[00:02:42.660 --> 00:02:43.230]   hungry,
[00:02:43.230 --> 00:02:43.460]   so
[00:02:43.460 --> 00:02:43.810]   you
[00:02:43.810 --> 00:02:44.160]   eat
[00:02:44.160 --> 00:02:44.270]   a
[00:02:44.270 --> 00:02:45.000]   lot.
[00:02:45.000 --> 00:02:45.500]   You
[00:02:45.500 --> 00:02:46.040]   take
[00:02:46.040 --> 00:02:46.420]   some
[00:02:46.420 --> 00:02:46.570]   with
[00:02:46.570 --> 00:02:47.000]   you.
[00:02:47.000 --> 00:02:47.000]  
[00:02:47.000 --> 00:02:47.500]   You
[00:02:47.500 --> 00:02:47.930]   can
[00:02:47.930 --> 00:02:47.930]   eat
[00:02:47.930 --> 00:02:48.570]   it
[00:02:48.570 --> 00:02:49.000]   later.
[00:02:49.000 --> 00:02:49.500]   >>
[00:02:49.500 --> 00:02:49.520]   Go
[00:02:49.520 --> 00:02:50.570]   to
[00:02:50.570 --> 00:02:51.000]   10.
[00:02:51.000 --> 00:02:51.500]   >>
[00:02:51.500 --> 00:02:53.000]   Six.
[00:02:53.000 --> 00:02:53.490]   You
[00:02:53.490 --> 00:02:53.500]   walk
[00:02:53.500 --> 00:02:54.050]   for
[00:02:54.050 --> 00:02:54.470]   about
[00:02:54.470 --> 00:02:54.570]   20
[00:02:54.570 --> 00:02:56.000]   minutes,
[00:02:56.000 --> 00:02:56.490]   wearing
[00:02:56.490 --> 00:02:56.700]   the
[00:02:56.700 --> 00:02:57.000]   coat
[00:02:57.000 --> 00:02:57.270]   and
[00:02:57.270 --> 00:02:58.000]   carrying
[00:02:58.000 --> 00:02:58.120]   the
[00:02:58.120 --> 00:02:58.390]   bananas
[00:02:58.390 --> 00:02:58.510]   and
[00:02:58.510 --> 00:02:58.630]   the
[00:02:58.630 --> 00:02:59.000]   cigarette
[00:02:59.000 --> 00:03:00.000]   lighter.
[00:03:00.000 --> 00:03:00.500]   The
[00:03:00.500 --> 00:03:00.560]   snow
[00:03:00.560 --> 00:03:01.560]   is
[00:03:01.560 --> 00:03:01.570]   deep
[00:03:01.570 --> 00:03:02.270]   and
[00:03:02.270 --> 00:03:02.280]   you
[00:03:02.280 --> 00:03:02.640]   are
[00:03:02.640 --> 00:03:03.120]   very
[00:03:03.120 --> 00:03:04.000]   cold.
[00:03:04.000 --> 00:03:04.500]   You
[00:03:04.500 --> 00:03:05.080]   go
[00:03:05.080 --> 00:03:05.420]   into
[00:03:05.420 --> 00:03:05.570]   the
[00:03:05.570 --> 00:03:06.270]   trees
[00:03:06.270 --> 00:03:06.400]   and
[00:03:06.400 --> 00:03:07.000]   light
[00:03:07.000 --> 00:03:07.120]   a
[00:03:07.120 --> 00:03:08.000]   fire.
[00:03:08.000 --> 00:03:08.530]   >>
[00:03:08.530 --> 00:03:09.570]   Go
[00:03:09.570 --> 00:03:10.270]   to
[00:03:10.270 --> 00:03:12.000]   36.
[00:03:12.000 --> 00:03:12.500]   >>
[00:03:12.500 --> 00:03:13.000]   Seven.
[00:03:13.000 --> 00:03:13.000]  
[00:03:13.000 --> 00:03:13.160]   >>
[00:03:13.160 --> 00:03:13.500]   It's
[00:03:13.500 --> 00:03:14.490]   evening
[00:03:14.490 --> 00:03:14.650]   again,
[00:03:14.650 --> 00:03:15.270]   but
[00:03:15.270 --> 00:03:15.490]   because
[00:03:15.490 --> 00:03:15.650]   of
[00:03:15.650 --> 00:03:15.900]   the
[00:03:15.900 --> 00:03:16.390]   fish,
[00:03:16.390 --> 00:03:16.640]   you
[00:03:16.640 --> 00:03:16.890]   are
[00:03:16.890 --> 00:03:17.140]   not
[00:03:17.140 --> 00:03:18.000]   hungry.
[00:03:18.000 --> 00:03:18.500]   You
[00:03:18.500 --> 00:03:18.690]   make
[00:03:18.690 --> 00:03:19.130]   a
[00:03:19.130 --> 00:03:19.570]   small
[00:03:19.570 --> 00:03:19.570]   house
[00:03:19.570 --> 00:03:20.270]   under
[00:03:20.270 --> 00:03:20.270]   the
[00:03:20.270 --> 00:03:21.000]   trees.
[00:03:21.000 --> 00:03:21.500]   You
[00:03:21.500 --> 00:03:21.560]   wake
[00:03:21.560 --> 00:03:22.420]   up
[00:03:22.420 --> 00:03:22.570]   early
[00:03:22.570 --> 00:03:22.630]   in
[00:03:22.630 --> 00:03:23.270]   the
[00:03:23.270 --> 00:03:24.000]   morning.
[00:03:24.000 --> 00:03:24.750]   There's
[00:03:24.750 --> 00:03:24.750]   a
[00:03:24.750 --> 00:03:25.030]   lot
[00:03:25.030 --> 00:03:25.570]   of
[00:03:25.570 --> 00:03:26.000]   noise.
[00:03:26.000 --> 00:03:26.500]   You
[00:03:26.500 --> 00:03:26.560]   run
[00:03:26.560 --> 00:03:26.560]   out
[00:03:26.560 --> 00:03:27.500]   and
[00:03:27.500 --> 00:03:27.570]   look
[00:03:27.570 --> 00:03:28.000]   up.
[00:03:28.000 --> 00:03:28.500]   There's
[00:03:28.500 --> 00:03:28.530]   a
[00:03:28.530 --> 00:03:29.340]   helicopter
[00:03:29.340 --> 00:03:29.540]   in
[00:03:29.540 --> 00:03:29.570]   the
[00:03:29.570 --> 00:03:30.000]   sky.
[00:03:30.000 --> 00:03:30.500]   You
[00:03:30.500 --> 00:03:30.520]   can
[00:03:30.520 --> 00:03:30.560]   see
[00:03:30.560 --> 00:03:31.380]   it,
[00:03:31.380 --> 00:03:31.550]   but
[00:03:31.550 --> 00:03:31.570]   it
[00:03:31.570 --> 00:03:32.240]   can't
[00:03:32.240 --> 00:03:32.270]   see
[00:03:32.270 --> 00:03:32.500]   you
[00:03:32.500 --> 00:03:33.100]   because
[00:03:33.100 --> 00:03:33.270]   of
[00:03:33.270 --> 00:03:33.530]   the
[00:03:33.530 --> 00:03:34.000]   trees
[00:03:34.000 --> 00:03:34.470]   and
[00:03:34.470 --> 00:03:34.780]   it
[00:03:34.780 --> 00:03:35.090]   is
[00:03:35.090 --> 00:03:35.870]   going
[00:03:35.870 --> 00:03:37.000]   away.
[00:03:37.000 --> 00:03:37.500]   >>
[00:03:37.500 --> 00:03:37.510]   You
[00:03:37.510 --> 00:03:38.330]   run
[00:03:38.330 --> 00:03:38.570]   after
[00:03:38.570 --> 00:03:39.270]   the
[00:03:39.270 --> 00:03:40.000]   helicopter.
[00:03:40.000 --> 00:03:40.460]  
[00:03:40.460 --> 00:03:40.500]   Go
[00:03:40.500 --> 00:03:42.270]   to
[00:03:42.270 --> 00:03:43.000]   31.
[00:03:43.000 --> 00:03:43.500]   You
[00:03:43.500 --> 00:03:44.410]   go
[00:03:44.410 --> 00:03:44.570]   back
[00:03:44.570 --> 00:03:45.270]   to
[00:03:45.270 --> 00:03:46.000]   sleep.
[00:03:46.000 --> 00:03:46.500]   Go
[00:03:46.500 --> 00:03:47.400]   to
[00:03:47.400 --> 00:03:48.000]   3.
[00:03:48.000 --> 00:03:48.500]   You
[00:03:48.500 --> 00:03:49.400]   build
[00:03:49.400 --> 00:03:49.570]   a
[00:03:49.570 --> 00:03:50.270]   big
[00:03:50.270 --> 00:03:51.000]   fire.
[00:03:51.000 --> 00:03:51.500]   Go
[00:03:51.500 --> 00:03:53.270]   to
[00:03:53.270 --> 00:03:54.000]   35.
[00:03:54.000 --> 00:03:54.500]   You
[00:03:54.500 --> 00:03:54.560]   shout
[00:03:54.560 --> 00:03:55.560]   at
[00:03:55.560 --> 00:03:56.270]   the
[00:03:56.270 --> 00:03:56.770]   helicopter
[00:03:56.770 --> 00:03:57.130]   and
[00:03:57.130 --> 00:03:57.610]   wave
[00:03:57.610 --> 00:03:58.090]   your
[00:03:58.090 --> 00:03:59.000]   arms.
[00:03:59.000 --> 00:03:59.500]   Go
[00:03:59.500 --> 00:04:01.270]   to
[00:04:01.270 --> 00:04:02.000]   37.
[00:04:02.000 --> 00:04:02.500]   >>
[00:04:02.500 --> 00:04:04.000]   Eight.
[00:04:04.000 --> 00:04:04.440]   You
[00:04:04.440 --> 00:04:04.500]   are
[00:04:04.500 --> 00:04:04.510]   a
[00:04:04.510 --> 00:04:04.560]   long
[00:04:04.560 --> 00:04:05.330]   way
[00:04:05.330 --> 00:04:05.550]   down
[00:04:05.550 --> 00:04:05.570]   the
[00:04:05.570 --> 00:04:06.220]   valley
[00:04:06.220 --> 00:04:06.270]   and
[00:04:06.270 --> 00:04:06.370]   it
[00:04:06.370 --> 00:04:06.520]   is
[00:04:06.520 --> 00:04:06.970]   nearly
[00:04:06.970 --> 00:04:07.340]   night
[00:04:07.340 --> 00:04:08.000]   again.
[00:04:08.000 --> 00:04:08.000]  
[00:04:08.000 --> 00:04:08.500]   You
[00:04:08.500 --> 00:04:08.500]   make
[00:04:08.500 --> 00:04:08.860]   a
[00:04:08.860 --> 00:04:08.860]   fire
[00:04:08.860 --> 00:04:09.000]   in
[00:04:09.000 --> 00:04:09.570]   the
[00:04:09.570 --> 00:04:09.570]   trees
[00:04:09.570 --> 00:04:09.990]   and
[00:04:09.990 --> 00:04:10.200]   eat
[00:04:10.200 --> 00:04:10.270]   the
[00:04:10.270 --> 00:04:11.000]   bananas.
[00:04:11.000 --> 00:04:11.500]   The
[00:04:11.500 --> 00:04:12.260]   next
[00:04:12.260 --> 00:04:12.530]   morning
[00:04:12.530 --> 00:04:12.570]   you
[00:04:12.570 --> 00:04:13.160]   are
[00:04:13.160 --> 00:04:13.270]   very
[00:04:13.270 --> 00:04:14.000]   hungry.
[00:04:14.000 --> 00:04:14.500]   You
[00:04:14.500 --> 00:04:14.560]   must
[00:04:14.560 --> 00:04:15.570]   find
[00:04:15.570 --> 00:04:16.270]   something
[00:04:16.270 --> 00:04:16.330]   to
[00:04:16.330 --> 00:04:17.000]   eat.
[00:04:17.000 --> 00:04:17.400]   In
[00:04:17.400 --> 00:04:17.500]   the
[00:04:17.500 --> 00:04:17.560]   snow
[00:04:17.560 --> 00:04:17.960]   you
[00:04:17.960 --> 00:04:18.420]   see
[00:04:18.420 --> 00:04:18.570]   the
[00:04:18.570 --> 00:04:18.810]   tracks
[00:04:18.810 --> 00:04:19.240]   of
[00:04:19.240 --> 00:04:19.270]   an
[00:04:19.270 --> 00:04:20.000]   animal.
[00:04:20.000 --> 00:04:20.560]   Perhaps
[00:04:20.560 --> 00:04:21.420]   you
[00:04:21.420 --> 00:04:21.570]   can
[00:04:21.570 --> 00:04:22.200]   kill
[00:04:22.200 --> 00:04:22.270]   and
[00:04:22.270 --> 00:04:22.530]   eat
[00:04:22.530 --> 00:04:22.970]   this
[00:04:22.970 --> 00:04:24.000]   animal.
[00:04:24.000 --> 00:04:24.500]   >>
[00:04:24.500 --> 00:04:25.030]   You
[00:04:25.030 --> 00:04:25.570]   walk
[00:04:25.570 --> 00:04:25.600]   after
[00:04:25.600 --> 00:04:26.270]   the
[00:04:26.270 --> 00:04:27.000]   tracks.
[00:04:27.000 --> 00:04:27.500]   Go
[00:04:27.500 --> 00:04:29.270]   to
[00:04:29.270 --> 00:04:30.000]   39.
[00:04:30.000 --> 00:04:30.500]   You
[00:04:30.500 --> 00:04:31.320]   are
[00:04:31.320 --> 00:04:31.540]   afraid
[00:04:31.540 --> 00:04:31.570]   of
[00:04:31.570 --> 00:04:32.270]   big
[00:04:32.270 --> 00:04:33.000]   animals.
[00:04:33.000 --> 00:04:33.990]   Perhaps
[00:04:33.990 --> 00:04:34.570]   the
[00:04:34.570 --> 00:04:34.590]   animal
[00:04:34.590 --> 00:04:35.270]   is
[00:04:35.270 --> 00:04:36.000]   dangerous.
[00:04:36.000 --> 00:04:36.480]  
[00:04:36.480 --> 00:04:36.500]   You
[00:04:36.500 --> 00:04:37.570]   walk
[00:04:37.570 --> 00:04:38.240]   down
[00:04:38.240 --> 00:04:38.270]   the
[00:04:38.270 --> 00:04:40.000]   mountain.
[00:04:40.000 --> 00:04:40.500]   Go
[00:04:40.500 --> 00:04:41.520]   to
[00:04:41.520 --> 00:04:42.000]   17.
[00:04:42.000 --> 00:04:42.500]   >>
[00:04:42.500 --> 00:04:44.000]   Nine.
[00:04:44.000 --> 00:04:44.500]   You
[00:04:44.500 --> 00:04:44.940]   walk
[00:04:44.940 --> 00:04:44.940]   for
[00:04:44.940 --> 00:04:45.310]   a
[00:04:45.310 --> 00:04:45.570]   few
[00:04:45.570 --> 00:04:46.270]   minutes
[00:04:46.270 --> 00:04:46.390]   carrying
[00:04:46.390 --> 00:04:46.540]   the
[00:04:46.540 --> 00:04:47.000]   bananas,
[00:04:47.000 --> 00:04:47.310]   the
[00:04:47.310 --> 00:04:48.250]   cigarette
[00:04:48.250 --> 00:04:49.000]   lighter
[00:04:49.000 --> 00:04:49.330]   and
[00:04:49.330 --> 00:04:49.660]   the
[00:04:49.660 --> 00:04:50.000]   map.
[00:04:50.000 --> 00:04:50.500]   But
[00:04:50.500 --> 00:04:50.560]   it
[00:04:50.560 --> 00:04:51.570]   is
[00:04:51.570 --> 00:04:52.270]   very
[00:04:52.270 --> 00:04:53.000]   cold.
[00:04:53.000 --> 00:04:53.500]   >>
[00:04:53.500 --> 00:04:54.570]   You
[00:04:54.570 --> 00:04:54.660]   light
[00:04:54.660 --> 00:04:55.270]   a
[00:04:55.270 --> 00:04:56.000]   fire.
[00:04:56.000 --> 00:04:56.500]   Go
[00:04:56.500 --> 00:04:57.520]   to
[00:04:57.520 --> 00:04:58.000]   36.
[00:04:58.000 --> 00:04:58.500]   You
[00:04:58.500 --> 00:04:59.170]   go
[00:04:59.170 --> 00:04:59.420]   back
[00:04:59.420 --> 00:04:59.570]   to
[00:04:59.570 --> 00:05:00.270]   the
[00:05:00.270 --> 00:05:00.470]   plane
[00:05:00.470 --> 00:05:00.860]   and
[00:05:00.860 --> 00:05:01.240]   get
[00:05:01.240 --> 00:05:01.640]   the
[00:05:01.640 --> 00:05:03.000]   whiskey.
[00:05:03.000 --> 00:05:03.460]  
[00:05:03.460 --> 00:05:03.500]   Go
[00:05:03.500 --> 00:05:05.270]   to
[00:05:05.270 --> 00:05:06.000]   34.
[00:05:06.000 --> 00:05:06.500]   >>
[00:05:06.500 --> 00:05:07.000]   Ten.
[00:05:07.000 --> 00:05:07.420]   It
[00:05:07.420 --> 00:05:07.500]   is
[00:05:07.500 --> 00:05:08.570]   now
[00:05:08.570 --> 00:05:09.000]   afternoon.
[00:05:09.000 --> 00:05:09.500]   You
[00:05:09.500 --> 00:05:09.560]   begin
[00:05:09.560 --> 00:05:10.570]   to
[00:05:10.570 --> 00:05:11.240]   feel
[00:05:11.240 --> 00:05:11.270]   very
[00:05:11.270 --> 00:05:12.000]   ill.
[00:05:12.000 --> 00:05:12.560]   Perhaps
[00:05:12.560 --> 00:05:13.540]   the
[00:05:13.540 --> 00:05:13.570]   fruit
[00:05:13.570 --> 00:05:14.270]   is
[00:05:14.270 --> 00:05:15.000]   poisonous.
[00:05:15.000 --> 00:05:15.500]   You
[00:05:15.500 --> 00:05:15.540]   sit
[00:05:15.540 --> 00:05:15.560]   down
[00:05:15.560 --> 00:05:16.350]   in
[00:05:16.350 --> 00:05:16.570]   the
[00:05:16.570 --> 00:05:17.000]   snow.
[00:05:17.000 --> 00:05:17.500]   You
[00:05:17.500 --> 00:05:18.570]   cannot
[00:05:18.570 --> 00:05:19.000]   walk.
[00:05:19.000 --> 00:05:19.500]   You
[00:05:19.500 --> 00:05:19.800]   sit
[00:05:19.800 --> 00:05:19.800]   in
[00:05:19.800 --> 00:05:20.510]   the
[00:05:20.510 --> 00:05:20.570]   snow
[00:05:20.570 --> 00:05:20.810]   and
[00:05:20.810 --> 00:05:21.270]   get
[00:05:21.270 --> 00:05:21.720]   colder
[00:05:21.720 --> 00:05:22.020]   and
[00:05:22.020 --> 00:05:23.000]   colder.
[00:05:23.000 --> 00:05:23.500]   >>
[00:05:23.500 --> 00:05:24.480]   Go
[00:05:24.480 --> 00:05:24.570]   back
[00:05:24.570 --> 00:05:25.270]   to
[00:05:25.270 --> 00:05:26.000]   one.
[00:05:26.000 --> 00:05:26.500]   >>
[00:05:26.500 --> 00:05:28.000]   Eleven.
[00:05:28.000 --> 00:05:28.500]   You
[00:05:28.500 --> 00:05:28.820]   turn
[00:05:28.820 --> 00:05:28.820]   to
[00:05:28.820 --> 00:05:29.550]   the
[00:05:29.550 --> 00:05:29.570]   right
[00:05:29.570 --> 00:05:29.810]   and
[00:05:29.810 --> 00:05:30.270]   the
[00:05:30.270 --> 00:05:30.550]   plane
[00:05:30.550 --> 00:05:30.920]   hits
[00:05:30.920 --> 00:05:31.190]   the
[00:05:31.190 --> 00:05:32.000]   trees.
[00:05:32.000 --> 00:05:32.420]  
[00:05:32.420 --> 00:05:32.500]   Go
[00:05:32.500 --> 00:05:33.570]   back
[00:05:33.570 --> 00:05:34.270]   to
[00:05:34.270 --> 00:05:35.000]   one.
[00:05:35.000 --> 00:05:35.500]   >>
[00:05:35.500 --> 00:05:36.000]   Twelve.
[00:05:36.000 --> 00:05:36.500]   You
[00:05:36.500 --> 00:05:37.120]   walk
[00:05:37.120 --> 00:05:37.380]   across
[00:05:37.380 --> 00:05:37.570]   the
[00:05:37.570 --> 00:05:38.000]   lake.
[00:05:38.000 --> 00:05:38.740]   After
[00:05:38.740 --> 00:05:38.740]   a
[00:05:38.740 --> 00:05:39.570]   few
[00:05:39.570 --> 00:05:40.160]   minutes
[00:05:40.160 --> 00:05:40.270]   you
[00:05:40.270 --> 00:05:40.270]   go
[00:05:40.270 --> 00:05:40.650]   through
[00:05:40.650 --> 00:05:40.810]   the
[00:05:40.810 --> 00:05:41.000]   ice
[00:05:41.000 --> 00:05:41.420]   and
[00:05:41.420 --> 00:05:41.840]   you
[00:05:41.840 --> 00:05:42.410]   fall
[00:05:42.410 --> 00:05:42.980]   into
[00:05:42.980 --> 00:05:43.400]   the
[00:05:43.400 --> 00:05:43.820]   icy
[00:05:43.820 --> 00:05:45.000]   water.
[00:05:45.000 --> 00:05:45.500]   >>
[00:05:45.500 --> 00:05:46.480]   Go
[00:05:46.480 --> 00:05:46.570]   back
[00:05:46.570 --> 00:05:47.270]   to
[00:05:47.270 --> 00:05:48.000]   one.
[00:05:48.000 --> 00:05:48.500]   >>
[00:05:48.500 --> 00:05:50.000]   Thirteen.
[00:05:50.000 --> 00:05:50.500]   You
[00:05:50.500 --> 00:05:50.500]   walk
[00:05:50.500 --> 00:05:50.780]   for
[00:05:50.780 --> 00:05:50.780]   a
[00:05:50.780 --> 00:05:51.500]   few
[00:05:51.500 --> 00:05:51.570]   minutes
[00:05:51.570 --> 00:05:52.270]   carrying
[00:05:52.270 --> 00:05:52.290]   the
[00:05:52.290 --> 00:05:53.000]   whiskey,
[00:05:53.000 --> 00:05:53.250]   the
[00:05:53.250 --> 00:05:54.020]   cigarette
[00:05:54.020 --> 00:05:54.610]   lighter
[00:05:54.610 --> 00:05:54.860]   and
[00:05:54.860 --> 00:05:55.110]   the
[00:05:55.110 --> 00:05:56.000]   bananas.
[00:05:56.000 --> 00:05:56.520]   You
[00:05:56.520 --> 00:05:57.570]   are
[00:05:57.570 --> 00:05:58.270]   very
[00:05:58.270 --> 00:05:59.000]   cold.
[00:05:59.000 --> 00:05:59.420]  
[00:05:59.420 --> 00:05:59.500]   You
[00:05:59.500 --> 00:06:00.550]   drink
[00:06:00.550 --> 00:06:01.270]   the
[00:06:01.270 --> 00:06:02.000]   whiskey.
[00:06:02.000 --> 00:06:02.500]   Go
[00:06:02.500 --> 00:06:04.270]   to
[00:06:04.270 --> 00:06:05.000]   34.
[00:06:05.000 --> 00:06:05.470]   You
[00:06:05.470 --> 00:06:05.500]   go
[00:06:05.500 --> 00:06:05.560]   back
[00:06:05.560 --> 00:06:06.320]   to
[00:06:06.320 --> 00:06:06.570]   the
[00:06:06.570 --> 00:06:07.270]   plane,
[00:06:07.270 --> 00:06:07.780]   leave
[00:06:07.780 --> 00:06:08.240]   the
[00:06:08.240 --> 00:06:09.330]   whiskey
[00:06:09.330 --> 00:06:09.790]   and
[00:06:09.790 --> 00:06:10.410]   take
[00:06:10.410 --> 00:06:10.870]   the
[00:06:10.870 --> 00:06:12.000]   coat.
[00:06:12.000 --> 00:06:12.500]   Go
[00:06:12.500 --> 00:06:13.400]   to
[00:06:13.400 --> 00:06:14.000]   six.
[00:06:14.000 --> 00:06:14.500]   >>
[00:06:14.500 --> 00:06:16.000]   Fourteen.
[00:06:16.000 --> 00:06:16.500]   There
[00:06:16.500 --> 00:06:16.840]   is
[00:06:16.840 --> 00:06:16.840]   ice
[00:06:16.840 --> 00:06:17.420]   over
[00:06:17.420 --> 00:06:17.570]   the
[00:06:17.570 --> 00:06:18.260]   river,
[00:06:18.260 --> 00:06:18.270]   but
[00:06:18.270 --> 00:06:18.680]   there
[00:06:18.680 --> 00:06:18.930]   are
[00:06:18.930 --> 00:06:19.350]   holes
[00:06:19.350 --> 00:06:19.520]   in
[00:06:19.520 --> 00:06:20.000]   it.
[00:06:20.000 --> 00:06:20.460]   You
[00:06:20.460 --> 00:06:20.500]   can
[00:06:20.500 --> 00:06:21.000]   see
[00:06:21.000 --> 00:06:21.390]   that
[00:06:21.390 --> 00:06:21.570]   there
[00:06:21.570 --> 00:06:21.620]   are
[00:06:21.620 --> 00:06:21.810]   fish
[00:06:21.810 --> 00:06:22.270]   in
[00:06:22.270 --> 00:06:22.310]   the
[00:06:22.310 --> 00:06:23.000]   river.
[00:06:23.000 --> 00:06:23.870]   Perhaps
[00:06:23.870 --> 00:06:23.870]   you
[00:06:23.870 --> 00:06:24.570]   can
[00:06:24.570 --> 00:06:24.570]   catch
[00:06:24.570 --> 00:06:24.650]   a
[00:06:24.650 --> 00:06:25.260]   fish
[00:06:25.260 --> 00:06:25.270]   and
[00:06:25.270 --> 00:06:25.520]   eat
[00:06:25.520 --> 00:06:26.000]   it.
[00:06:26.000 --> 00:06:26.000]  
[00:06:26.000 --> 00:06:26.500]   You
[00:06:26.500 --> 00:06:27.020]   try
[00:06:27.020 --> 00:06:27.570]   and
[00:06:27.570 --> 00:06:27.590]   catch
[00:06:27.590 --> 00:06:28.150]   a
[00:06:28.150 --> 00:06:28.270]   fish
[00:06:28.270 --> 00:06:28.940]   through
[00:06:28.940 --> 00:06:29.280]   the
[00:06:29.280 --> 00:06:30.000]   ice.
[00:06:30.000 --> 00:06:30.500]   Go
[00:06:30.500 --> 00:06:31.520]   to
[00:06:31.520 --> 00:06:32.000]   26.
[00:06:32.000 --> 00:06:32.560]   Fishing
[00:06:32.560 --> 00:06:33.350]   in
[00:06:33.350 --> 00:06:33.570]   the
[00:06:33.570 --> 00:06:33.910]   river
[00:06:33.910 --> 00:06:34.270]   is
[00:06:34.270 --> 00:06:34.590]   very
[00:06:34.590 --> 00:06:36.000]   dangerous.
[00:06:36.000 --> 00:06:36.500]   You
[00:06:36.500 --> 00:06:37.490]   walk
[00:06:37.490 --> 00:06:38.000]   on.
[00:06:38.000 --> 00:06:38.500]   Go
[00:06:38.500 --> 00:06:39.520]   to
[00:06:39.520 --> 00:06:40.000]   21.
[00:06:40.000 --> 00:06:40.500]   >>
[00:06:40.500 --> 00:06:42.000]   Fifteen.
[00:06:42.000 --> 00:06:42.500]   You
[00:06:42.500 --> 00:06:42.740]   turn
[00:06:42.740 --> 00:06:42.740]   to
[00:06:42.740 --> 00:06:43.320]   the
[00:06:43.320 --> 00:06:43.570]   left
[00:06:43.570 --> 00:06:43.890]   because
[00:06:43.890 --> 00:06:44.270]   you
[00:06:44.270 --> 00:06:44.480]   want
[00:06:44.480 --> 00:06:44.640]   to
[00:06:44.640 --> 00:06:44.970]   land
[00:06:44.970 --> 00:06:45.130]   on
[00:06:45.130 --> 00:06:45.380]   the
[00:06:45.380 --> 00:06:46.000]   snow.
[00:06:46.000 --> 00:06:46.500]   The
[00:06:46.500 --> 00:06:47.050]   plane
[00:06:47.050 --> 00:06:47.400]   goes
[00:06:47.400 --> 00:06:47.570]   into
[00:06:47.570 --> 00:06:47.660]   the
[00:06:47.660 --> 00:06:48.270]   snow
[00:06:48.270 --> 00:06:48.270]   and
[00:06:48.270 --> 00:06:49.000]   stops.
[00:06:49.000 --> 00:06:49.500]   You
[00:06:49.500 --> 00:06:49.500]   are
[00:06:49.500 --> 00:06:50.320]   safe,
[00:06:50.320 --> 00:06:50.570]   but
[00:06:50.570 --> 00:06:50.640]   you
[00:06:50.640 --> 00:06:51.170]   are
[00:06:51.170 --> 00:06:51.270]   at
[00:06:51.270 --> 00:06:51.490]   the
[00:06:51.490 --> 00:06:51.810]   top
[00:06:51.810 --> 00:06:52.020]   of
[00:06:52.020 --> 00:06:52.120]   a
[00:06:52.120 --> 00:06:53.000]   mountain
[00:06:53.000 --> 00:06:53.390]   and
[00:06:53.390 --> 00:06:53.650]   it
[00:06:53.650 --> 00:06:53.910]   is
[00:06:53.910 --> 00:06:54.440]   very
[00:06:54.440 --> 00:06:55.000]   cold.
[00:06:55.000 --> 00:06:55.000]  
[00:06:55.000 --> 00:06:55.500]   And
[00:06:55.500 --> 00:06:55.810]   it
[00:06:55.810 --> 00:06:56.570]   is
[00:06:56.570 --> 00:06:57.000]   evening.
[00:06:57.000 --> 00:06:57.500]   >>
[00:06:57.500 --> 00:06:58.210]   You
[00:06:58.210 --> 00:06:58.480]   stay
[00:06:58.480 --> 00:06:58.570]   in
[00:06:58.570 --> 00:06:59.270]   the
[00:06:59.270 --> 00:07:00.000]   plane.
[00:07:00.000 --> 00:07:00.500]   Go
[00:07:00.500 --> 00:07:02.270]   to
[00:07:02.270 --> 00:07:03.000]   24.
[00:07:03.000 --> 00:07:03.500]   You
[00:07:03.500 --> 00:07:04.170]   go
[00:07:04.170 --> 00:07:04.560]   down
[00:07:04.560 --> 00:07:05.270]   the
[00:07:05.270 --> 00:07:06.000]   mountain.
[00:07:06.000 --> 00:07:06.500]   Go
[00:07:06.500 --> 00:07:07.520]   to
[00:07:07.520 --> 00:07:08.000]   29.
[00:07:08.000 --> 00:07:08.500]   >>
[00:07:08.500 --> 00:07:10.000]   Sixteen.
[00:07:10.000 --> 00:07:10.420]   It
[00:07:10.420 --> 00:07:10.500]   is
[00:07:10.500 --> 00:07:11.570]   very
[00:07:11.570 --> 00:07:11.960]   difficult
[00:07:11.960 --> 00:07:12.210]   to
[00:07:12.210 --> 00:07:12.270]   go
[00:07:12.270 --> 00:07:12.630]   past
[00:07:12.630 --> 00:07:12.940]   the
[00:07:12.940 --> 00:07:13.470]   rocks
[00:07:13.470 --> 00:07:13.680]   in
[00:07:13.680 --> 00:07:13.990]   the
[00:07:13.990 --> 00:07:15.000]   valley.
[00:07:15.000 --> 00:07:15.550]   After
[00:07:15.550 --> 00:07:15.990]   a
[00:07:15.990 --> 00:07:16.570]   few
[00:07:16.570 --> 00:07:17.270]   minutes,
[00:07:17.270 --> 00:07:17.310]   you
[00:07:17.310 --> 00:07:17.640]   are
[00:07:17.640 --> 00:07:18.080]   very
[00:07:18.080 --> 00:07:19.000]   tired.
[00:07:19.000 --> 00:07:19.500]   >>
[00:07:19.500 --> 00:07:19.840]   You
[00:07:19.840 --> 00:07:19.840]   go
[00:07:19.840 --> 00:07:20.550]   on
[00:07:20.550 --> 00:07:20.570]   down
[00:07:20.570 --> 00:07:21.270]   the
[00:07:21.270 --> 00:07:22.000]   valley.
[00:07:22.000 --> 00:07:22.500]  
[00:07:22.500 --> 00:07:23.200]   Go
[00:07:23.200 --> 00:07:23.570]   to
[00:07:23.570 --> 00:07:25.000]   8.
[00:07:25.000 --> 00:07:25.380]   You
[00:07:25.380 --> 00:07:25.500]   go
[00:07:25.500 --> 00:07:25.830]   back
[00:07:25.830 --> 00:07:25.830]   up
[00:07:25.830 --> 00:07:26.520]   the
[00:07:26.520 --> 00:07:26.570]   valley
[00:07:26.570 --> 00:07:27.050]   and
[00:07:27.050 --> 00:07:27.270]   into
[00:07:27.270 --> 00:07:27.280]   the
[00:07:27.280 --> 00:07:28.000]   tunnel.
[00:07:28.000 --> 00:07:28.500]   Go
[00:07:28.500 --> 00:07:30.270]   to
[00:07:30.270 --> 00:07:31.000]   33.
[00:07:31.000 --> 00:07:31.500]   >>
[00:07:31.500 --> 00:07:33.000]   Seventeen.
[00:07:33.000 --> 00:07:33.500]   You
[00:07:33.500 --> 00:07:33.520]   walk
[00:07:33.520 --> 00:07:33.560]   through
[00:07:33.560 --> 00:07:34.570]   the
[00:07:34.570 --> 00:07:34.630]   trees
[00:07:34.630 --> 00:07:34.950]   down
[00:07:34.950 --> 00:07:35.270]   the
[00:07:35.270 --> 00:07:36.000]   mountain.
[00:07:36.000 --> 00:07:36.500]   You
[00:07:36.500 --> 00:07:37.040]   are
[00:07:37.040 --> 00:07:37.570]   very
[00:07:37.570 --> 00:07:38.000]   hungry.
[00:07:38.000 --> 00:07:38.500]   You
[00:07:38.500 --> 00:07:39.000]   see
[00:07:39.000 --> 00:07:39.570]   some
[00:07:39.570 --> 00:07:40.180]   strange
[00:07:40.180 --> 00:07:40.270]   fruit
[00:07:40.270 --> 00:07:40.380]   on
[00:07:40.380 --> 00:07:40.680]   one
[00:07:40.680 --> 00:07:40.880]   of
[00:07:40.880 --> 00:07:41.180]   the
[00:07:41.180 --> 00:07:42.000]   trees.
[00:07:42.000 --> 00:07:42.500]   >>
[00:07:42.500 --> 00:07:42.520]   You
[00:07:42.520 --> 00:07:42.560]   eat
[00:07:42.560 --> 00:07:43.570]   the
[00:07:43.570 --> 00:07:44.000]   fruit.
[00:07:44.000 --> 00:07:44.500]   Go
[00:07:44.500 --> 00:07:45.400]   to
[00:07:45.400 --> 00:07:46.000]   5.
[00:07:46.000 --> 00:07:46.500]   You
[00:07:46.500 --> 00:07:47.470]   don't
[00:07:47.470 --> 00:07:47.570]   eat
[00:07:47.570 --> 00:07:48.270]   the
[00:07:48.270 --> 00:07:49.000]   fruit.
[00:07:49.000 --> 00:07:49.500]   Go
[00:07:49.500 --> 00:07:50.520]   to
[00:07:50.520 --> 00:07:51.000]   23.
[00:07:51.000 --> 00:07:51.000]  
[00:07:51.000 --> 00:07:51.500]   >>
[00:07:51.500 --> 00:07:52.120]   You
[00:07:52.120 --> 00:07:52.590]   walk
[00:07:52.590 --> 00:07:53.270]   carefully
[00:07:53.270 --> 00:07:53.740]   onto
[00:07:53.740 --> 00:07:54.110]   the
[00:07:54.110 --> 00:07:55.000]   lake.
[00:07:55.000 --> 00:07:55.490]   After
[00:07:55.490 --> 00:07:55.500]   a
[00:07:55.500 --> 00:07:56.320]   few
[00:07:56.320 --> 00:07:56.570]   hundred
[00:07:56.570 --> 00:07:57.270]   meters,
[00:07:57.270 --> 00:07:57.420]   the
[00:07:57.420 --> 00:07:57.840]   ice
[00:07:57.840 --> 00:07:58.690]   begins
[00:07:58.690 --> 00:07:59.000]   to...
[00:07:59.000 --> 00:07:58.730]  
[00:07:58.730 --> 00:07:59.340]   move
[00:07:59.340 --> 00:08:00.020]   under
[00:08:00.020 --> 00:08:00.580]   your
[00:08:00.580 --> 00:08:01.610]   feet.
[00:08:01.610 --> 00:08:02.030]   You
[00:08:02.030 --> 00:08:02.310]   go
[00:08:02.310 --> 00:08:02.610]   on
[00:08:02.610 --> 00:08:03.430]   across
[00:08:03.430 --> 00:08:03.680]   the
[00:08:03.680 --> 00:08:04.870]   lake.
[00:08:04.870 --> 00:08:05.000]   Go
[00:08:05.000 --> 00:08:05.130]   to
[00:08:05.130 --> 00:08:07.170]   12.
[00:08:07.170 --> 00:08:07.370]   You
[00:08:07.370 --> 00:08:07.430]   go
[00:08:07.430 --> 00:08:08.460]   back
[00:08:08.460 --> 00:08:08.650]   and
[00:08:08.650 --> 00:08:09.050]   walk
[00:08:09.050 --> 00:08:09.670]   around
[00:08:09.670 --> 00:08:10.280]   the
[00:08:10.280 --> 00:08:11.560]   lake.
[00:08:11.560 --> 00:08:11.950]   Go
[00:08:11.950 --> 00:08:12.450]   to
[00:08:12.450 --> 00:08:14.100]   28.
[00:08:14.100 --> 00:08:15.890]   19.
[00:08:15.890 --> 00:08:16.180]   You
[00:08:16.180 --> 00:08:16.500]   make
[00:08:16.500 --> 00:08:17.080]   another
[00:08:17.080 --> 00:08:17.960]   fire.
[00:08:17.960 --> 00:08:18.190]   After
[00:08:18.190 --> 00:08:18.570]   about
[00:08:18.570 --> 00:08:19.030]   two
[00:08:19.030 --> 00:08:19.640]   hours
[00:08:19.640 --> 00:08:19.780]   you
[00:08:19.780 --> 00:08:20.240]   hear
[00:08:20.240 --> 00:08:20.450]   the
[00:08:20.450 --> 00:08:21.800]   helicopter
[00:08:21.800 --> 00:08:22.130]   again.
[00:08:22.130 --> 00:08:22.510]   This
[00:08:22.510 --> 00:08:22.900]   time
[00:08:22.900 --> 00:08:23.080]   it
[00:08:23.080 --> 00:08:23.470]   sees
[00:08:23.470 --> 00:08:23.740]   the
[00:08:23.740 --> 00:08:24.210]   smoke
[00:08:24.210 --> 00:08:24.480]   and
[00:08:24.480 --> 00:08:25.110]   lands
[00:08:25.110 --> 00:08:25.150]   on
[00:08:25.150 --> 00:08:25.540]   the
[00:08:25.540 --> 00:08:25.790]   snow
[00:08:25.790 --> 00:08:25.790]  
[00:08:25.790 --> 00:08:26.400]   near
[00:08:26.400 --> 00:08:27.000]   you.
[00:08:27.000 --> 00:08:27.380]   You
[00:08:27.380 --> 00:08:27.700]   are
[00:08:27.700 --> 00:08:28.570]   safe.
[00:08:28.570 --> 00:08:28.910]   You
[00:08:28.910 --> 00:08:29.270]   fly
[00:08:29.270 --> 00:08:29.670]   to
[00:08:29.670 --> 00:08:30.480]   hospital
[00:08:30.480 --> 00:08:31.030]   where
[00:08:31.030 --> 00:08:31.270]   you
[00:08:31.270 --> 00:08:31.870]   can
[00:08:31.870 --> 00:08:32.150]   rest
[00:08:32.150 --> 00:08:32.340]   and
[00:08:32.340 --> 00:08:33.750]   eat.
[00:08:33.750 --> 00:08:34.960]   20.
[00:08:34.960 --> 00:08:35.230]   You
[00:08:35.230 --> 00:08:35.600]   are
[00:08:35.600 --> 00:08:36.520]   going
[00:08:36.520 --> 00:08:36.790]   down
[00:08:36.790 --> 00:08:37.200]   very
[00:08:37.200 --> 00:08:37.750]   fast
[00:08:37.750 --> 00:08:38.190]   into
[00:08:38.190 --> 00:08:38.590]   the
[00:08:38.590 --> 00:08:39.230]   mountain,
[00:08:39.230 --> 00:08:39.750]   but
[00:08:39.750 --> 00:08:39.830]   you
[00:08:39.830 --> 00:08:40.010]   can
[00:08:40.010 --> 00:08:40.390]   turn
[00:08:40.390 --> 00:08:40.610]   the
[00:08:40.610 --> 00:08:40.810]   plane
[00:08:40.810 --> 00:08:41.150]   to
[00:08:41.150 --> 00:08:41.430]   the
[00:08:41.430 --> 00:08:41.810]   left
[00:08:41.810 --> 00:08:42.000]   or
[00:08:42.000 --> 00:08:42.360]   the
[00:08:42.360 --> 00:08:43.030]   right.
[00:08:43.030 --> 00:08:43.220]   To
[00:08:43.220 --> 00:08:43.920]   the
[00:08:43.920 --> 00:08:43.970]   right
[00:08:43.970 --> 00:08:44.440]   there
[00:08:44.440 --> 00:08:44.720]   are
[00:08:44.720 --> 00:08:45.150]   some
[00:08:45.150 --> 00:08:45.950]   trees.
[00:08:45.950 --> 00:08:46.110]   To
[00:08:46.110 --> 00:08:46.390]   the
[00:08:46.390 --> 00:08:47.230]   left
[00:08:47.230 --> 00:08:47.650]   there
[00:08:47.650 --> 00:08:47.710]   is
[00:08:47.710 --> 00:08:48.070]   deep
[00:08:48.070 --> 00:08:48.070]  
[00:08:48.070 --> 00:08:49.280]   snow.
[00:08:49.280 --> 00:08:49.550]   You
[00:08:49.550 --> 00:08:50.210]   turn
[00:08:50.210 --> 00:08:50.840]   to
[00:08:50.840 --> 00:08:50.970]   the
[00:08:50.970 --> 00:08:52.200]   right.
[00:08:52.200 --> 00:08:52.510]   Go
[00:08:52.510 --> 00:08:52.800]   to
[00:08:52.800 --> 00:08:54.180]   11.
[00:08:54.180 --> 00:08:54.660]   You
[00:08:54.660 --> 00:08:55.130]   turn
[00:08:55.130 --> 00:08:55.540]   to
[00:08:55.540 --> 00:08:56.360]   the
[00:08:56.360 --> 00:08:57.190]   left.
[00:08:57.190 --> 00:08:57.800]   Go
[00:08:57.800 --> 00:08:57.830]   to
[00:08:57.830 --> 00:08:59.270]   15.
[00:08:59.270 --> 00:09:00.790]   21.
[00:09:00.790 --> 00:09:01.250]   You
[00:09:01.250 --> 00:09:01.570]   walk
[00:09:01.570 --> 00:09:01.750]   on
[00:09:01.750 --> 00:09:02.180]   down
[00:09:02.180 --> 00:09:02.380]   the
[00:09:02.380 --> 00:09:03.090]   river.
[00:09:03.090 --> 00:09:03.360]   You
[00:09:03.360 --> 00:09:03.640]   are
[00:09:03.640 --> 00:09:04.270]   now
[00:09:04.270 --> 00:09:04.350]   very
[00:09:04.350 --> 00:09:05.110]   hungry.
[00:09:05.110 --> 00:09:05.570]   You
[00:09:05.570 --> 00:09:06.070]   must
[00:09:06.070 --> 00:09:06.480]   eat
[00:09:06.480 --> 00:09:07.750]   something.
[00:09:07.750 --> 00:09:08.230]   There
[00:09:08.230 --> 00:09:08.410]   is
[00:09:08.410 --> 00:09:08.630]   fruit
[00:09:08.630 --> 00:09:08.930]   on
[00:09:08.930 --> 00:09:08.930]  
[00:09:08.930 --> 00:09:09.540]   the
[00:09:09.540 --> 00:09:10.180]   trees
[00:09:10.180 --> 00:09:10.510]   or
[00:09:10.510 --> 00:09:11.110]   fish
[00:09:11.110 --> 00:09:11.710]   in
[00:09:11.710 --> 00:09:11.960]   the
[00:09:11.960 --> 00:09:13.150]   river.
[00:09:13.150 --> 00:09:13.620]   You
[00:09:13.620 --> 00:09:14.080]   try
[00:09:14.080 --> 00:09:15.010]   and
[00:09:15.010 --> 00:09:15.340]   catch
[00:09:15.340 --> 00:09:15.490]   a
[00:09:15.490 --> 00:09:16.580]   fish.
[00:09:16.580 --> 00:09:17.210]   Go
[00:09:17.210 --> 00:09:17.220]   to
[00:09:17.220 --> 00:09:18.730]   26.
[00:09:18.730 --> 00:09:18.970]   You
[00:09:18.970 --> 00:09:19.210]   eat
[00:09:19.210 --> 00:09:19.530]   some
[00:09:19.530 --> 00:09:21.830]   fruit.
[00:09:21.830 --> 00:09:22.160]   Go
[00:09:22.160 --> 00:09:22.490]   to
[00:09:22.490 --> 00:09:23.470]   5.
[00:09:23.470 --> 00:09:24.990]   22.
[00:09:24.990 --> 00:09:25.700]   The
[00:09:25.700 --> 00:09:26.160]   rope
[00:09:26.160 --> 00:09:27.910]   breaks.
[00:09:27.910 --> 00:09:27.990]   Go
[00:09:27.990 --> 00:09:28.660]   back
[00:09:28.660 --> 00:09:28.890]   to
[00:09:28.890 --> 00:09:30.120]   1.
[00:09:30.120 --> 00:09:31.560]   23.
[00:09:31.560 --> 00:09:31.830]   You
[00:09:31.830 --> 00:09:32.570]   continue
[00:09:32.570 --> 00:09:32.910]   through
[00:09:32.910 --> 00:09:33.110]   the
[00:09:33.110 --> 00:09:34.450]   snow.
[00:09:34.450 --> 00:09:34.450]   There
[00:09:34.450 --> 00:09:34.450]  
[00:09:34.450 --> 00:09:34.650]   is
[00:09:34.650 --> 00:09:35.340]   nothing
[00:09:35.340 --> 00:09:35.660]   to
[00:09:35.660 --> 00:09:36.030]   eat,
[00:09:36.030 --> 00:09:36.330]   but
[00:09:36.330 --> 00:09:36.630]   you
[00:09:36.630 --> 00:09:37.220]   can
[00:09:37.220 --> 00:09:37.320]   make
[00:09:37.320 --> 00:09:37.810]   fires
[00:09:37.810 --> 00:09:38.320]   and
[00:09:38.320 --> 00:09:38.600]   there
[00:09:38.600 --> 00:09:38.800]   is
[00:09:38.800 --> 00:09:39.190]   snow
[00:09:39.190 --> 00:09:39.410]   to
[00:09:39.410 --> 00:09:40.530]   drink.
[00:09:40.530 --> 00:09:41.040]   Suddenly
[00:09:41.040 --> 00:09:41.330]   you
[00:09:41.330 --> 00:09:41.650]   come
[00:09:41.650 --> 00:09:41.880]   to
[00:09:41.880 --> 00:09:42.260]   an
[00:09:42.260 --> 00:09:42.460]   icy
[00:09:42.460 --> 00:09:43.290]   lake.
[00:09:43.290 --> 00:09:43.700]   You
[00:09:43.700 --> 00:09:44.430]   walk
[00:09:44.430 --> 00:09:45.110]   across
[00:09:45.110 --> 00:09:45.530]   the
[00:09:45.530 --> 00:09:46.510]   lake.
[00:09:46.510 --> 00:09:47.730]   It's
[00:09:47.730 --> 00:09:48.150]   quicker
[00:09:48.150 --> 00:09:48.330]   and
[00:09:48.330 --> 00:09:48.450]   you
[00:09:48.450 --> 00:09:48.920]   must
[00:09:48.920 --> 00:09:49.890]   find
[00:09:49.890 --> 00:09:49.940]   something
[00:09:49.940 --> 00:09:50.090]   to
[00:09:50.090 --> 00:09:50.960]   eat.
[00:09:50.960 --> 00:09:51.300]   Go
[00:09:51.300 --> 00:09:51.540]   to
[00:09:51.540 --> 00:09:52.870]   18.
[00:09:52.870 --> 00:09:53.280]   You
[00:09:53.280 --> 00:09:53.970]   walk
[00:09:53.970 --> 00:09:54.730]   around
[00:09:54.730 --> 00:09:55.040]   the
[00:09:55.040 --> 00:09:56.180]   lake.
[00:09:56.180 --> 00:09:56.690]   You
[00:09:56.690 --> 00:09:56.930]   can
[00:09:56.930 --> 00:09:57.150]   look
[00:09:57.150 --> 00:09:57.750]   for
[00:09:57.750 --> 00:09:58.380]   a
[00:09:58.380 --> 00:09:59.820]   river.
[00:09:59.820 --> 00:10:00.030]   Go
[00:10:00.030 --> 00:10:00.410]   to
[00:10:00.410 --> 00:10:02.130]   28.
[00:10:02.130 --> 00:10:02.130]  
[00:10:02.130 --> 00:10:03.370]   24.
[00:10:03.370 --> 00:10:03.770]   You
[00:10:03.770 --> 00:10:04.350]   stay
[00:10:04.350 --> 00:10:04.900]   in
[00:10:04.900 --> 00:10:05.050]   the
[00:10:05.050 --> 00:10:06.010]   plane,
[00:10:06.010 --> 00:10:06.430]   but
[00:10:06.430 --> 00:10:06.710]   it
[00:10:06.710 --> 00:10:06.990]   is
[00:10:06.990 --> 00:10:08.070]   very
[00:10:08.070 --> 00:10:08.590]   cold.
[00:10:08.590 --> 00:10:08.640]   Do
[00:10:08.640 --> 00:10:09.030]   you
[00:10:09.030 --> 00:10:10.420]   really
[00:10:10.420 --> 00:10:10.500]   want
[00:10:10.500 --> 00:10:10.790]   to
[00:10:10.790 --> 00:10:11.690]   die?
[00:10:11.690 --> 00:10:12.030]   Go
[00:10:12.030 --> 00:10:12.370]   to
[00:10:12.370 --> 00:10:14.460]   29.
[00:10:14.460 --> 00:10:14.930]   25.
[00:10:14.930 --> 00:10:15.260]   You
[00:10:15.260 --> 00:10:15.720]   stay
[00:10:15.720 --> 00:10:15.930]   in
[00:10:15.930 --> 00:10:16.260]   the
[00:10:16.260 --> 00:10:16.820]   plane
[00:10:16.820 --> 00:10:16.930]   for
[00:10:16.930 --> 00:10:17.770]   4
[00:10:17.770 --> 00:10:18.330]   days.
[00:10:18.330 --> 00:10:18.370]   You
[00:10:18.370 --> 00:10:18.640]   see
[00:10:18.640 --> 00:10:19.160]   and
[00:10:19.160 --> 00:10:19.980]   hear
[00:10:19.980 --> 00:10:20.680]   nothing.
[00:10:20.680 --> 00:10:21.420]   You
[00:10:21.420 --> 00:10:21.450]   must
[00:10:21.450 --> 00:10:21.570]   go
[00:10:21.570 --> 00:10:22.180]   down
[00:10:22.180 --> 00:10:22.510]   the
[00:10:22.510 --> 00:10:24.340]   mountain.
[00:10:24.340 --> 00:10:24.360]   Go
[00:10:24.360 --> 00:10:24.710]   to
[00:10:24.710 --> 00:10:26.290]   27.
[00:10:26.290 --> 00:10:27.570]   26.
[00:10:27.570 --> 00:10:27.650]   You
[00:10:27.650 --> 00:10:27.990]   fish
[00:10:27.990 --> 00:10:28.310]   for
[00:10:28.310 --> 00:10:28.810]   about
[00:10:28.810 --> 00:10:29.860]   20
[00:10:29.860 --> 00:10:30.570]   minutes.
[00:10:30.570 --> 00:10:31.010]   Finally
[00:10:31.010 --> 00:10:31.010]  
[00:10:31.010 --> 00:10:31.310]   you
[00:10:31.310 --> 00:10:31.830]   catch
[00:10:31.830 --> 00:10:32.430]   one.
[00:10:32.430 --> 00:10:32.740]   You
[00:10:32.740 --> 00:10:33.260]   catch
[00:10:33.260 --> 00:10:34.050]   more.
[00:10:34.050 --> 00:10:34.280]   You
[00:10:34.280 --> 00:10:34.590]   are
[00:10:34.590 --> 00:10:34.900]   now
[00:10:34.900 --> 00:10:35.310]   very
[00:10:35.310 --> 00:10:35.970]   cold,
[00:10:35.970 --> 00:10:36.030]   so
[00:10:36.030 --> 00:10:36.250]   you
[00:10:36.250 --> 00:10:36.840]   make
[00:10:36.840 --> 00:10:37.090]   a
[00:10:37.090 --> 00:10:37.360]   fire
[00:10:37.360 --> 00:10:37.660]   and
[00:10:37.660 --> 00:10:38.040]   cook
[00:10:38.040 --> 00:10:38.450]   and
[00:10:38.450 --> 00:10:38.820]   eat
[00:10:38.820 --> 00:10:39.060]   a
[00:10:39.060 --> 00:10:39.800]   fish.
[00:10:39.800 --> 00:10:40.300]   It's
[00:10:40.300 --> 00:10:41.220]   very
[00:10:41.220 --> 00:10:41.730]   good.
[00:10:41.730 --> 00:10:42.340]   Go
[00:10:42.340 --> 00:10:42.690]   to
[00:10:42.690 --> 00:10:44.510]   7.
[00:10:44.510 --> 00:10:45.130]   27.
[00:10:45.130 --> 00:10:45.590]   You
[00:10:45.590 --> 00:10:45.660]   go
[00:10:45.660 --> 00:10:46.170]   down
[00:10:46.170 --> 00:10:46.410]   the
[00:10:46.410 --> 00:10:47.810]   mountain.
[00:10:47.810 --> 00:10:48.130]   After
[00:10:48.130 --> 00:10:48.240]   a
[00:10:48.240 --> 00:10:48.610]   few
[00:10:48.610 --> 00:10:48.790]   minutes
[00:10:48.790 --> 00:10:49.070]   you
[00:10:49.070 --> 00:10:49.350]   see
[00:10:49.350 --> 00:10:49.410]   a
[00:10:49.410 --> 00:10:50.020]   tunnel
[00:10:50.020 --> 00:10:50.020]   in
[00:10:50.020 --> 00:10:50.430]   front
[00:10:50.430 --> 00:10:50.570]   of
[00:10:50.570 --> 00:10:51.180]   you.
[00:10:51.180 --> 00:10:51.780]   There
[00:10:51.780 --> 00:10:51.880]   is
[00:10:51.880 --> 00:10:51.990]   a
[00:10:51.990 --> 00:10:52.480]   small
[00:10:52.480 --> 00:10:53.300]   valley
[00:10:53.300 --> 00:10:53.350]   to
[00:10:53.350 --> 00:10:53.700]   your
[00:10:53.700 --> 00:10:54.100]   left
[00:10:54.100 --> 00:10:54.500]   with
[00:10:54.500 --> 00:10:54.600]   a
[00:10:54.600 --> 00:10:54.900]   lot
[00:10:54.900 --> 00:10:55.100]   of
[00:10:55.100 --> 00:10:55.530]   rocks
[00:10:55.530 --> 00:10:55.800]   in
[00:10:55.800 --> 00:10:56.410]   it.
[00:10:56.410 --> 00:10:56.410]  
[00:10:56.410 --> 00:10:57.020]   You
[00:10:57.020 --> 00:10:57.180]   go
[00:10:57.180 --> 00:10:57.830]   down
[00:10:57.830 --> 00:10:59.170]   the
[00:10:59.170 --> 00:10:59.630]   valley.
[00:10:59.630 --> 00:10:59.940]   Go
[00:10:59.940 --> 00:11:00.290]   to
[00:11:00.290 --> 00:11:01.610]   16.
[00:11:01.610 --> 00:11:02.400]   You
[00:11:02.400 --> 00:11:02.490]   go
[00:11:02.490 --> 00:11:03.010]   into
[00:11:03.010 --> 00:11:03.460]   the
[00:11:03.460 --> 00:11:04.930]   tunnel.
[00:11:04.930 --> 00:11:05.230]   Go
[00:11:05.230 --> 00:11:05.530]   to
[00:11:05.530 --> 00:11:06.890]   33.
[00:11:06.890 --> 00:11:08.880]   28.
[00:11:08.880 --> 00:11:09.100]   You
[00:11:09.100 --> 00:11:09.250]   walk
[00:11:09.250 --> 00:11:09.900]   around
[00:11:09.900 --> 00:11:10.220]   the
[00:11:10.220 --> 00:11:10.920]   lake.
[00:11:10.920 --> 00:11:12.020]   After
[00:11:12.020 --> 00:11:12.050]   about
[00:11:12.050 --> 00:11:12.580]   5km
[00:11:12.580 --> 00:11:13.120]   you
[00:11:13.120 --> 00:11:13.340]   find
[00:11:13.340 --> 00:11:13.440]   a
[00:11:13.440 --> 00:11:14.210]   river.
[00:11:14.210 --> 00:11:15.290]   The
[00:11:15.290 --> 00:11:15.330]   water
[00:11:15.330 --> 00:11:15.430]   is
[00:11:15.430 --> 00:11:15.810]   going
[00:11:15.810 --> 00:11:16.020]   out
[00:11:16.020 --> 00:11:16.160]   of
[00:11:16.160 --> 00:11:16.310]   the
[00:11:16.310 --> 00:11:16.890]   lake
[00:11:16.890 --> 00:11:16.890]  
[00:11:16.890 --> 00:11:17.500]   and
[00:11:17.500 --> 00:11:18.100]   down
[00:11:18.100 --> 00:11:18.170]   a
[00:11:18.170 --> 00:11:19.670]   valley.
[00:11:19.670 --> 00:11:20.100]   You
[00:11:20.100 --> 00:11:20.420]   go
[00:11:20.420 --> 00:11:20.770]   on
[00:11:20.770 --> 00:11:21.710]   around
[00:11:21.710 --> 00:11:22.130]   the
[00:11:22.130 --> 00:11:23.310]   lake.
[00:11:23.310 --> 00:11:23.630]   Go
[00:11:23.630 --> 00:11:23.920]   to
[00:11:23.920 --> 00:11:25.400]   38.
[00:11:25.400 --> 00:11:25.880]   You
[00:11:25.880 --> 00:11:26.610]   walk
[00:11:26.610 --> 00:11:27.250]   down
[00:11:27.250 --> 00:11:27.820]   the
[00:11:27.820 --> 00:11:29.330]   river.
[00:11:29.330 --> 00:11:29.390]   Go
[00:11:29.390 --> 00:11:29.650]   to
[00:11:29.650 --> 00:11:31.130]   14.
[00:11:31.130 --> 00:11:32.210]   29.
[00:11:32.210 --> 00:11:32.690]   You
[00:11:32.690 --> 00:11:33.110]   want
[00:11:33.110 --> 00:11:33.290]   to
[00:11:33.290 --> 00:11:33.530]   go
[00:11:33.530 --> 00:11:33.950]   down
[00:11:33.950 --> 00:11:34.900]   the
[00:11:34.900 --> 00:11:35.730]   mountain.
[00:11:35.730 --> 00:11:35.730]   There
[00:11:35.730 --> 00:11:35.970]   are
[00:11:35.970 --> 00:11:36.340]   some
[00:11:36.340 --> 00:11:36.770]   things
[00:11:36.770 --> 00:11:36.940]   in
[00:11:36.940 --> 00:11:37.160]   the
[00:11:37.160 --> 00:11:37.810]   plane.
[00:11:37.810 --> 00:11:38.050]   You
[00:11:38.050 --> 00:11:38.500]   can
[00:11:38.500 --> 00:11:38.610]   take
[00:11:38.610 --> 00:11:38.930]   some
[00:11:38.930 --> 00:11:39.090]   of
[00:11:39.090 --> 00:11:39.600]   them
[00:11:39.600 --> 00:11:39.730]   with
[00:11:39.730 --> 00:11:40.290]   you.
[00:11:40.290 --> 00:11:40.370]   What
[00:11:40.370 --> 00:11:40.530]   do
[00:11:40.530 --> 00:11:40.730]   you
[00:11:40.730 --> 00:11:42.850]   take?
[00:11:42.850 --> 00:11:42.850]  
[00:11:42.850 --> 00:11:43.220]   The
[00:11:43.220 --> 00:11:44.060]   coat,
[00:11:44.060 --> 00:11:44.330]   the
[00:11:44.330 --> 00:11:45.580]   whiskey
[00:11:45.580 --> 00:11:45.630]   and
[00:11:45.630 --> 00:11:45.950]   the
[00:11:45.950 --> 00:11:46.720]   map.
[00:11:46.720 --> 00:11:46.940]   Go
[00:11:46.940 --> 00:11:47.190]   to
[00:11:47.190 --> 00:11:47.810]   2.
[00:11:47.810 --> 00:11:48.260]   The
[00:11:48.260 --> 00:11:49.050]   coat,
[00:11:49.050 --> 00:11:49.400]   the
[00:11:49.400 --> 00:11:50.260]   bananas
[00:11:50.260 --> 00:11:50.660]   and
[00:11:50.660 --> 00:11:51.140]   the
[00:11:51.140 --> 00:11:52.250]   cigarette
[00:11:52.250 --> 00:11:53.730]   lighter.
[00:11:53.730 --> 00:11:54.040]   Go
[00:11:54.040 --> 00:11:54.350]   to
[00:11:54.350 --> 00:11:55.290]   6.
[00:11:55.290 --> 00:11:55.700]   The
[00:11:55.700 --> 00:11:57.050]   bananas,
[00:11:57.050 --> 00:11:58.330]   the
[00:11:58.330 --> 00:11:58.860]   cigarette
[00:11:58.860 --> 00:11:59.950]   lighter
[00:11:59.950 --> 00:12:00.290]   and
[00:12:00.290 --> 00:12:00.540]   the
[00:12:00.540 --> 00:12:02.170]   map.
[00:12:02.170 --> 00:12:02.250]   Go
[00:12:02.250 --> 00:12:02.490]   to
[00:12:02.490 --> 00:12:04.220]   9.
[00:12:04.220 --> 00:12:04.940]   The
[00:12:04.940 --> 00:12:05.770]   whiskey,
[00:12:05.770 --> 00:12:05.770]  
[00:12:05.770 --> 00:12:06.120]   the
[00:12:06.120 --> 00:12:07.190]   cigarette
[00:12:07.190 --> 00:12:08.010]   lighter
[00:12:08.010 --> 00:12:08.550]   and
[00:12:08.550 --> 00:12:08.800]   the
[00:12:08.800 --> 00:12:09.900]   bananas.
[00:12:09.900 --> 00:12:10.210]   Go
[00:12:10.210 --> 00:12:10.360]   to
[00:12:10.360 --> 00:12:11.850]   13.
[00:12:11.850 --> 00:12:12.480]   30.
[00:12:12.480 --> 00:12:12.800]   The
[00:12:12.800 --> 00:12:13.420]   smoke
[00:12:13.420 --> 00:12:14.060]   goes
[00:12:14.060 --> 00:12:14.120]   up
[00:12:14.120 --> 00:12:14.590]   into
[00:12:14.590 --> 00:12:14.940]   the
[00:12:14.940 --> 00:12:15.450]   sky
[00:12:15.450 --> 00:12:15.730]   all
[00:12:15.730 --> 00:12:16.290]   day.
[00:12:16.290 --> 00:12:16.660]   But
[00:12:16.660 --> 00:12:16.870]   you
[00:12:16.870 --> 00:12:17.310]   don't
[00:12:17.310 --> 00:12:17.620]   see
[00:12:17.620 --> 00:12:18.230]   the
[00:12:18.230 --> 00:12:19.320]   helicopter.
[00:12:19.320 --> 00:12:19.480]   You
[00:12:19.480 --> 00:12:19.880]   wait
[00:12:19.880 --> 00:12:20.410]   all
[00:12:20.410 --> 00:12:21.570]   day.
[00:12:21.570 --> 00:12:21.800]   The
[00:12:21.800 --> 00:12:21.960]   next
[00:12:21.960 --> 00:12:22.480]   morning
[00:12:22.480 --> 00:12:22.690]   you
[00:12:22.690 --> 00:12:23.010]   wake
[00:12:23.010 --> 00:12:23.340]   up
[00:12:23.340 --> 00:12:24.180]   early
[00:12:24.180 --> 00:12:25.780]   again.
[00:12:25.780 --> 00:12:25.900]   You
[00:12:25.900 --> 00:12:26.510]   build
[00:12:26.510 --> 00:12:27.450]   another
[00:12:27.450 --> 00:12:28.240]   fire.
[00:12:28.240 --> 00:12:29.010]   Go
[00:12:29.010 --> 00:12:29.090]   to
[00:12:29.090 --> 00:12:30.710]   19.
[00:12:30.710 --> 00:12:31.290]   You
[00:12:31.290 --> 00:12:31.290]   walk
[00:12:31.290 --> 00:12:31.290]  
[00:12:31.290 --> 00:12:31.900]   down
[00:12:31.900 --> 00:12:32.220]   the
[00:12:32.220 --> 00:12:33.280]   river.
[00:12:33.280 --> 00:12:33.540]   Go
[00:12:33.540 --> 00:12:34.070]   to
[00:12:34.070 --> 00:12:35.170]   21.
[00:12:35.170 --> 00:12:36.200]   31.
[00:12:36.200 --> 00:12:36.530]   You
[00:12:36.530 --> 00:12:37.370]   run
[00:12:37.370 --> 00:12:37.680]   after
[00:12:37.680 --> 00:12:38.060]   the
[00:12:38.060 --> 00:12:39.580]   helicopter
[00:12:39.580 --> 00:12:39.690]   but
[00:12:39.690 --> 00:12:39.810]   it
[00:12:39.810 --> 00:12:39.970]   is
[00:12:39.970 --> 00:12:40.580]   going
[00:12:40.580 --> 00:12:40.830]   very
[00:12:40.830 --> 00:12:41.490]   fast.
[00:12:41.490 --> 00:12:41.770]   You
[00:12:41.770 --> 00:12:42.170]   have
[00:12:42.170 --> 00:12:42.360]   to
[00:12:42.360 --> 00:12:42.740]   go
[00:12:42.740 --> 00:12:42.750]   up
[00:12:42.750 --> 00:12:43.030]   the
[00:12:43.030 --> 00:12:43.840]   mountain
[00:12:43.840 --> 00:12:44.090]   and
[00:12:44.090 --> 00:12:44.450]   you
[00:12:44.450 --> 00:12:44.930]   walk
[00:12:44.930 --> 00:12:45.210]   all
[00:12:45.210 --> 00:12:45.670]   day
[00:12:45.670 --> 00:12:46.050]   in
[00:12:46.050 --> 00:12:46.180]   the
[00:12:46.180 --> 00:12:46.590]   deep
[00:12:46.590 --> 00:12:47.000]   snow
[00:12:47.000 --> 00:12:47.330]   but
[00:12:47.330 --> 00:12:47.660]   you
[00:12:47.660 --> 00:12:48.200]   don't
[00:12:48.200 --> 00:12:48.540]   see
[00:12:48.540 --> 00:12:48.820]   the
[00:12:48.820 --> 00:12:50.110]   helicopter
[00:12:50.110 --> 00:12:50.840]   again.
[00:12:50.840 --> 00:12:51.230]   Go
[00:12:51.230 --> 00:12:51.610]   to
[00:12:51.610 --> 00:12:53.410]   23.
[00:12:53.410 --> 00:12:55.620]   32.
[00:12:55.620 --> 00:12:55.750]   You
[00:12:55.750 --> 00:12:56.040]   stay
[00:12:56.040 --> 00:12:56.330]   near
[00:12:56.330 --> 00:12:56.570]   the
[00:12:56.570 --> 00:12:57.730]   plane.
[00:12:57.730 --> 00:12:57.770]   You
[00:12:57.770 --> 00:12:57.770]  
[00:12:57.770 --> 00:12:58.080]   sit
[00:12:58.080 --> 00:12:58.380]   by
[00:12:58.380 --> 00:12:58.620]   the
[00:12:58.620 --> 00:12:59.050]   fire
[00:12:59.050 --> 00:12:59.350]   and
[00:12:59.350 --> 00:12:59.910]   watch
[00:12:59.910 --> 00:13:00.540]   the
[00:13:00.540 --> 00:13:00.550]   sky
[00:13:00.550 --> 00:13:00.860]   for
[00:13:00.860 --> 00:13:01.180]   2
[00:13:01.180 --> 00:13:01.930]   days.
[00:13:01.930 --> 00:13:02.680]   Nothing
[00:13:02.680 --> 00:13:03.810]   happens.
[00:13:03.810 --> 00:13:04.230]   You
[00:13:04.230 --> 00:13:04.790]   stay
[00:13:04.790 --> 00:13:05.290]   near
[00:13:05.290 --> 00:13:05.770]   the
[00:13:05.770 --> 00:13:06.890]   plane.
[00:13:06.890 --> 00:13:07.170]   Go
[00:13:07.170 --> 00:13:07.690]   to
[00:13:07.690 --> 00:13:08.720]   25.
[00:13:08.720 --> 00:13:09.050]   You
[00:13:09.050 --> 00:13:09.890]   try
[00:13:09.890 --> 00:13:09.970]   and
[00:13:09.970 --> 00:13:10.310]   go
[00:13:10.310 --> 00:13:10.810]   down
[00:13:10.810 --> 00:13:12.100]   the
[00:13:12.100 --> 00:13:12.810]   mountain.
[00:13:12.810 --> 00:13:13.170]   Go
[00:13:13.170 --> 00:13:13.540]   to
[00:13:13.540 --> 00:13:15.050]   27.
[00:13:15.050 --> 00:13:17.410]   33.
[00:13:17.410 --> 00:13:17.410]   You
[00:13:17.410 --> 00:13:17.410]  
[00:13:17.410 --> 00:13:18.020]   walk
[00:13:18.020 --> 00:13:18.620]   into
[00:13:18.620 --> 00:13:18.900]   the
[00:13:18.900 --> 00:13:20.190]   tunnel.
[00:13:20.190 --> 00:13:20.740]   It's
[00:13:20.740 --> 00:13:21.300]   very
[00:13:21.300 --> 00:13:22.270]   dark.
[00:13:22.270 --> 00:13:22.650]   You
[00:13:22.650 --> 00:13:23.110]   see
[00:13:23.110 --> 00:13:23.490]   a
[00:13:23.490 --> 00:13:23.810]   lamp
[00:13:23.810 --> 00:13:24.230]   and
[00:13:24.230 --> 00:13:24.650]   you
[00:13:24.650 --> 00:13:25.620]   light
[00:13:25.620 --> 00:13:26.050]   it.
[00:13:26.050 --> 00:13:26.310]   Go
[00:13:26.310 --> 00:13:26.590]   to
[00:13:26.590 --> 00:13:27.910]   40.
[00:13:27.910 --> 00:13:28.730]   34.
[00:13:28.730 --> 00:13:29.000]   You
[00:13:29.000 --> 00:13:29.360]   want
[00:13:29.360 --> 00:13:29.540]   to
[00:13:29.540 --> 00:13:29.940]   get
[00:13:29.940 --> 00:13:30.150]   warm
[00:13:30.150 --> 00:13:30.340]   so
[00:13:30.340 --> 00:13:30.610]   you
[00:13:30.610 --> 00:13:31.070]   drink
[00:13:31.070 --> 00:13:31.510]   the
[00:13:31.510 --> 00:13:31.980]   whiskey
[00:13:31.980 --> 00:13:32.240]   but
[00:13:32.240 --> 00:13:32.600]   you
[00:13:32.600 --> 00:13:32.970]   don't
[00:13:32.970 --> 00:13:33.240]   get
[00:13:33.240 --> 00:13:33.960]   warm.
[00:13:33.960 --> 00:13:34.200]   You
[00:13:34.200 --> 00:13:34.810]   just
[00:13:34.810 --> 00:13:34.820]   feel
[00:13:34.820 --> 00:13:36.770]   tired.
[00:13:36.770 --> 00:13:36.770]  
[00:13:36.770 --> 00:13:37.150]   Go
[00:13:37.150 --> 00:13:37.980]   back
[00:13:37.980 --> 00:13:38.260]   to
[00:13:38.260 --> 00:13:39.550]   1.
[00:13:39.550 --> 00:13:41.120]   35.
[00:13:41.120 --> 00:13:41.680]   You
[00:13:41.680 --> 00:13:42.830]   build
[00:13:42.830 --> 00:13:42.850]   a
[00:13:42.850 --> 00:13:43.400]   big
[00:13:43.400 --> 00:13:45.060]   fire.
[00:13:45.060 --> 00:13:45.670]   There
[00:13:45.670 --> 00:13:46.060]   is
[00:13:46.060 --> 00:13:46.500]   a
[00:13:46.500 --> 00:13:46.850]   lot
[00:13:46.850 --> 00:13:47.010]   of
[00:13:47.010 --> 00:13:48.570]   smoke.
[00:13:48.570 --> 00:13:48.930]   You
[00:13:48.930 --> 00:13:49.520]   watch
[00:13:49.520 --> 00:13:49.780]   it
[00:13:49.780 --> 00:13:49.990]   go
[00:13:49.990 --> 00:13:50.240]   up
[00:13:50.240 --> 00:13:50.710]   into
[00:13:50.710 --> 00:13:51.340]   the
[00:13:51.340 --> 00:13:51.780]   sky.
[00:13:51.780 --> 00:13:52.020]   Go
[00:13:52.020 --> 00:13:52.440]   to
[00:13:52.440 --> 00:13:53.320]   30.
[00:13:53.320 --> 00:13:54.650]   36.
[00:13:54.650 --> 00:13:54.740]   You
[00:13:54.740 --> 00:13:55.130]   sit
[00:13:55.130 --> 00:13:55.460]   all
[00:13:55.460 --> 00:13:56.040]   night
[00:13:56.040 --> 00:13:56.290]   in
[00:13:56.290 --> 00:13:56.860]   the
[00:13:56.860 --> 00:13:57.210]   trees
[00:13:57.210 --> 00:13:57.370]   in
[00:13:57.370 --> 00:13:57.770]   front
[00:13:57.770 --> 00:13:58.010]   of
[00:13:58.010 --> 00:13:58.500]   your
[00:13:58.500 --> 00:13:59.360]   fire.
[00:13:59.360 --> 00:13:59.570]   It
[00:13:59.570 --> 00:13:59.830]   is
[00:13:59.830 --> 00:14:00.540]   cold
[00:14:00.540 --> 00:14:00.680]   but
[00:14:00.680 --> 00:14:01.040]   you
[00:14:01.040 --> 00:14:01.630]   have
[00:14:01.630 --> 00:14:01.650]   a
[00:14:01.650 --> 00:14:02.210]   good
[00:14:02.210 --> 00:14:03.010]   fire.
[00:14:03.010 --> 00:14:03.150]   You
[00:14:03.150 --> 00:14:03.850]   can
[00:14:03.850 --> 00:14:03.900]   sleep
[00:14:03.900 --> 00:14:04.030]   a
[00:14:04.030 --> 00:14:05.180]   little.
[00:14:05.180 --> 00:14:05.340]   You
[00:14:05.340 --> 00:14:05.510]   need
[00:14:05.510 --> 00:14:05.610]   to
[00:14:05.610 --> 00:14:05.610]  
[00:14:05.610 --> 00:14:06.220]   think
[00:14:06.220 --> 00:14:06.510]   about
[00:14:06.510 --> 00:14:06.870]   what
[00:14:06.870 --> 00:14:07.130]   you
[00:14:07.130 --> 00:14:07.400]   can
[00:14:07.400 --> 00:14:07.590]   do
[00:14:07.590 --> 00:14:07.780]   in
[00:14:07.780 --> 00:14:08.390]   the
[00:14:08.390 --> 00:14:08.970]   morning.
[00:14:08.970 --> 00:14:09.480]   You
[00:14:09.480 --> 00:14:09.740]   stay
[00:14:09.740 --> 00:14:10.180]   near
[00:14:10.180 --> 00:14:10.520]   the
[00:14:10.520 --> 00:14:10.850]   plane
[00:14:10.850 --> 00:14:11.610]   with
[00:14:11.610 --> 00:14:11.690]   a
[00:14:11.690 --> 00:14:12.380]   fire.
[00:14:12.380 --> 00:14:12.610]   Go
[00:14:12.610 --> 00:14:13.130]   to
[00:14:13.130 --> 00:14:14.580]   32.
[00:14:14.580 --> 00:14:15.040]   You
[00:14:15.040 --> 00:14:15.900]   go
[00:14:15.900 --> 00:14:16.020]   down
[00:14:16.020 --> 00:14:16.500]   the
[00:14:16.500 --> 00:14:18.590]   mountain.
[00:14:18.590 --> 00:14:18.590]   Go
[00:14:18.590 --> 00:14:19.210]   to
[00:14:19.210 --> 00:14:20.190]   27.
[00:14:20.190 --> 00:14:21.590]   37.
[00:14:21.590 --> 00:14:21.980]   You
[00:14:21.980 --> 00:14:22.790]   shout
[00:14:22.790 --> 00:14:22.860]   at
[00:14:22.860 --> 00:14:23.000]   the
[00:14:23.000 --> 00:14:23.730]   helicopter
[00:14:23.730 --> 00:14:23.920]   and
[00:14:23.920 --> 00:14:24.180]   wave
[00:14:24.180 --> 00:14:24.450]   your
[00:14:24.450 --> 00:14:25.110]   arms.
[00:14:25.110 --> 00:14:25.400]   The
[00:14:25.400 --> 00:14:26.360]   helicopter
[00:14:26.360 --> 00:14:26.950]   turns
[00:14:26.950 --> 00:14:27.230]   and
[00:14:27.230 --> 00:14:27.610]   comes
[00:14:27.610 --> 00:14:27.990]   back
[00:14:27.990 --> 00:14:28.310]   for
[00:14:28.310 --> 00:14:28.370]   a
[00:14:28.370 --> 00:14:29.290]   minute.
[00:14:29.290 --> 00:14:29.680]   Then
[00:14:29.680 --> 00:14:30.490]   it
[00:14:30.490 --> 00:14:30.530]   starts
[00:14:30.530 --> 00:14:30.690]   to
[00:14:30.690 --> 00:14:30.950]   go
[00:14:30.950 --> 00:14:31.090]   up
[00:14:31.090 --> 00:14:31.410]   the
[00:14:31.410 --> 00:14:33.410]   mountain.
[00:14:33.410 --> 00:14:33.410]  
[00:14:33.410 --> 00:14:34.020]   You
[00:14:34.020 --> 00:14:34.350]   run
[00:14:34.350 --> 00:14:35.080]   after
[00:14:35.080 --> 00:14:36.190]   the
[00:14:36.190 --> 00:14:37.690]   helicopter.
[00:14:37.690 --> 00:14:37.970]   Go
[00:14:37.970 --> 00:14:38.270]   to
[00:14:38.270 --> 00:14:39.800]   31.
[00:14:39.800 --> 00:14:40.170]   You
[00:14:40.170 --> 00:14:40.440]   go
[00:14:40.440 --> 00:14:41.110]   back
[00:14:41.110 --> 00:14:41.700]   to
[00:14:41.700 --> 00:14:42.670]   sleep.
[00:14:42.670 --> 00:14:43.140]   Go
[00:14:43.140 --> 00:14:43.300]   to
[00:14:43.300 --> 00:14:44.390]   3.
[00:14:44.390 --> 00:14:44.580]   You
[00:14:44.580 --> 00:14:44.920]   build
[00:14:44.920 --> 00:14:45.010]   a
[00:14:45.010 --> 00:14:45.410]   big
[00:14:45.410 --> 00:14:46.760]   fire.
[00:14:46.760 --> 00:14:47.140]   Go
[00:14:47.140 --> 00:14:48.190]   to
[00:14:48.190 --> 00:14:49.330]   35.
[00:14:49.330 --> 00:14:50.360]   38.
[00:14:50.360 --> 00:14:51.460]   You
[00:14:51.460 --> 00:14:51.490]   walk
[00:14:51.490 --> 00:14:51.910]   all
[00:14:51.910 --> 00:14:52.650]   around
[00:14:52.650 --> 00:14:53.060]   the
[00:14:53.060 --> 00:14:54.040]   lake.
[00:14:54.040 --> 00:14:54.050]   You
[00:14:54.050 --> 00:14:54.170]   are
[00:14:54.170 --> 00:14:54.450]   very
[00:14:54.450 --> 00:14:55.210]   tired
[00:14:55.210 --> 00:14:55.570]   and
[00:14:55.570 --> 00:14:55.730]   you
[00:14:55.730 --> 00:14:56.010]   don't
[00:14:56.010 --> 00:14:56.450]   find
[00:14:56.450 --> 00:14:56.450]  
[00:14:56.450 --> 00:14:57.660]   anything
[00:14:57.660 --> 00:14:57.940]   to
[00:14:57.940 --> 00:14:59.220]   eat.
[00:14:59.220 --> 00:14:59.310]   You
[00:14:59.310 --> 00:14:59.910]   must
[00:14:59.910 --> 00:15:00.320]   go
[00:15:00.320 --> 00:15:00.890]   down
[00:15:00.890 --> 00:15:01.260]   the
[00:15:01.260 --> 00:15:02.530]   river.
[00:15:02.530 --> 00:15:02.800]   Go
[00:15:02.800 --> 00:15:03.060]   to
[00:15:03.060 --> 00:15:04.740]   14.
[00:15:04.740 --> 00:15:05.800]   39.
[00:15:05.800 --> 00:15:06.180]   You
[00:15:06.180 --> 00:15:06.290]   walk
[00:15:06.290 --> 00:15:06.470]   in
[00:15:06.470 --> 00:15:06.590]   the
[00:15:06.590 --> 00:15:06.960]   tracks
[00:15:06.960 --> 00:15:07.170]   for
[00:15:07.170 --> 00:15:07.250]   a
[00:15:07.250 --> 00:15:07.630]   long
[00:15:07.630 --> 00:15:07.910]   way
[00:15:07.910 --> 00:15:08.580]   through
[00:15:08.580 --> 00:15:08.850]   the
[00:15:08.850 --> 00:15:10.000]   trees.
[00:15:10.000 --> 00:15:10.030]   They
[00:15:10.030 --> 00:15:10.290]   go
[00:15:10.290 --> 00:15:10.760]   behind
[00:15:10.760 --> 00:15:10.850]   a
[00:15:10.850 --> 00:15:11.130]   big
[00:15:11.130 --> 00:15:11.790]   tree.
[00:15:11.790 --> 00:15:12.070]   You
[00:15:12.070 --> 00:15:12.410]   look
[00:15:12.410 --> 00:15:13.330]   behind
[00:15:13.330 --> 00:15:13.400]   the
[00:15:13.400 --> 00:15:13.760]   tree
[00:15:13.760 --> 00:15:14.050]   and
[00:15:14.050 --> 00:15:14.170]   you
[00:15:14.170 --> 00:15:14.560]   see
[00:15:14.560 --> 00:15:14.780]   a
[00:15:14.780 --> 00:15:15.210]   very
[00:15:15.210 --> 00:15:15.590]   big
[00:15:15.590 --> 00:15:16.900]   bear.
[00:15:16.900 --> 00:15:16.950]   You
[00:15:16.950 --> 00:15:17.550]   don't
[00:15:17.550 --> 00:15:18.200]   think
[00:15:18.200 --> 00:15:18.610]   you
[00:15:18.610 --> 00:15:18.980]   can
[00:15:18.980 --> 00:15:19.330]   eat
[00:15:19.330 --> 00:15:20.280]   this.
[00:15:20.280 --> 00:15:20.670]   You
[00:15:20.670 --> 00:15:21.190]   walk
[00:15:21.190 --> 00:15:22.460]   quietly
[00:15:22.460 --> 00:15:23.160]   away.
[00:15:23.160 --> 00:15:23.370]   Go
[00:15:23.370 --> 00:15:23.650]   to
[00:15:23.650 --> 00:15:23.650]  
[00:15:23.650 --> 00:15:24.610]   17.
[00:15:24.610 --> 00:15:25.560]   40.
[00:15:25.560 --> 00:15:26.150]   You
[00:15:26.150 --> 00:15:26.430]   walk
[00:15:26.430 --> 00:15:26.750]   down
[00:15:26.750 --> 00:15:27.180]   into
[00:15:27.180 --> 00:15:27.530]   the
[00:15:27.530 --> 00:15:28.360]   mountain
[00:15:28.360 --> 00:15:28.600]   for
[00:15:28.600 --> 00:15:29.690]   about
[00:15:29.690 --> 00:15:29.730]   10
[00:15:29.730 --> 00:15:30.660]   minutes.
[00:15:30.660 --> 00:15:30.940]   You
[00:15:30.940 --> 00:15:31.340]   come
[00:15:31.340 --> 00:15:31.530]   to
[00:15:31.530 --> 00:15:31.910]   a
[00:15:31.910 --> 00:15:31.940]   big
[00:15:31.940 --> 00:15:32.330]   hole
[00:15:32.330 --> 00:15:32.610]   in
[00:15:32.610 --> 00:15:32.970]   the
[00:15:32.970 --> 00:15:34.030]   ground.
[00:15:34.030 --> 00:15:34.610]   There
[00:15:34.610 --> 00:15:34.890]   is
[00:15:34.890 --> 00:15:35.380]   an
[00:15:35.380 --> 00:15:35.490]   old
[00:15:35.490 --> 00:15:35.970]   rope
[00:15:35.970 --> 00:15:36.210]   in
[00:15:36.210 --> 00:15:36.610]   the
[00:15:36.610 --> 00:15:37.450]   hole.
[00:15:37.450 --> 00:15:37.850]   You
[00:15:37.850 --> 00:15:38.690]   go
[00:15:38.690 --> 00:15:38.760]   down
[00:15:38.760 --> 00:15:39.200]   the
[00:15:39.200 --> 00:15:40.210]   rope.
[00:15:40.210 --> 00:15:40.800]   Go
[00:15:40.800 --> 00:15:40.900]   to
[00:15:40.900 --> 00:15:42.340]   22.
[00:15:42.340 --> 00:15:42.560]   You
[00:15:42.560 --> 00:15:42.850]   go
[00:15:42.850 --> 00:15:43.490]   back
[00:15:43.490 --> 00:15:43.490]  
[00:15:43.490 --> 00:15:44.500]   up
[00:15:44.500 --> 00:15:46.270]   the
[00:15:46.270 --> 00:15:50.540]   tunnel.
[00:15:50.540 --> 00:15:51.780]   Go
[00:15:51.780 --> 00:15:52.560]   to
[00:15:52.560 --> 00:15:55.610]   4.
output_json: saving output to 'reader/data/survival-game/whisper/full.json'
